---
source: libs/integration_tests/src/optimization_tests.rs
assertion_line: 24
expression: output
---
## Unoptimized Output

j main
double:
pop r8
push sp
push ra
mul r1 r8 2
move r15 r1
j __internal_L1
__internal_L1:
pop ra
pop sp
j ra

## Optimized Output

j main
pop r8
push sp
push ra
add r15 r8 r8
pop ra
pop sp
j ra
