---
source: libs/integration_tests/src/lib.rs
expression: output
---
## Unoptimized Output

j main
compare:
pop r8
pop r9
push sp
push ra
sgt r1 r9 r8
beqz r1 __internal_L2
move r10 1
__internal_L2:
__internal_L1:
pop ra
pop sp
j ra

## Optimized Output

j main
pop r8
pop r9
j main
pop r8
pop r9
ble r9 r8 8
move r10 1
j ra
