---
source: libs/integration_tests/src/device_indexing_tests.rs
assertion_line: 65
expression: output
---
## Unoptimized Output

j main
main:
move r8 165
move r9 240
and r1 r8 r9
move r10 r1
put d0 0 r10
get r2 d0 0
move r11 r2

## Optimized Output

move r8 165
move r9 240
move r1 160
move r10 160
put d0 0 r10
get r11 d0 0
